---
source: tests/login.rs
expression: tree
---
{}
