---
source: tests/login.rs
expression: output
---
Username: Password: Successfully Logged in

